C51 COMPILER V9.56.0.0   COMPARE_RESPONSE                                                  11/02/2020 17:17:17 PAGE 1   


C51 COMPILER V9.56.0.0, COMPILATION OF MODULE COMPARE_RESPONSE
OBJECT MODULE PLACED IN .\Objects\Compare_Response.obj
COMPILER INVOKED BY: C:\Keil_v5\C51\BIN\C51.EXE Compare_Response.c OPTIMIZE(8,SPEED) BROWSE DEBUG OBJECTEXTEND PRINT(.\L
                    -istings\Compare_Response.lst) TABS(2) OBJECT(.\Objects\Compare_Response.obj)

line level    source

   1          #include "common.h"
   2          extern void compare(void)
   3          {
   4   1        OK_FLAG = FALSE;
   5   1        if (response[1]=='A')
   6   1        {
   7   2          OK_FLAG = TRUE;
   8   2        }
   9   1        else
  10   1        {
  11   2          OK_FLAG = FALSE;
  12   2        }
  13   1          if (OK_FLAG==TRUE)
  14   1          {
  15   2            green = TRUE;
  16   2            red = FALSE;
  17   2          }
  18   1          else
  19   1          {
  20   2            red = TRUE;
  21   2            green = FALSE;
  22   2          }
  23   1      }


MODULE INFORMATION:   STATIC OVERLAYABLE
   CODE SIZE        =     31    ----
   CONSTANT SIZE    =   ----    ----
   XDATA SIZE       =   ----    ----
   PDATA SIZE       =   ----    ----
   DATA SIZE        =   ----    ----
   IDATA SIZE       =   ----    ----
   BIT SIZE         =   ----    ----
END OF MODULE INFORMATION.


C51 COMPILATION COMPLETE.  0 WARNING(S),  0 ERROR(S)
