C51 COMPILER V9.56.0.0   INITIALIZATION                                                    11/02/2020 17:12:50 PAGE 1   


C51 COMPILER V9.56.0.0, COMPILATION OF MODULE INITIALIZATION
OBJECT MODULE PLACED IN .\Objects\initialization.obj
COMPILER INVOKED BY: C:\Keil_v5\C51\BIN\C51.EXE initialization.c OPTIMIZE(8,SPEED) BROWSE DEBUG OBJECTEXTEND PRINT(.\Lis
                    -tings\initialization.lst) TABS(2) OBJECT(.\Objects\initialization.obj)

line level    source

   1          #include "common.h"
   2          void init(void)
   3          {
   4   1        IE = 0x90;
   5   1        green = 0;
   6   1        red = 0;
   7   1        P1=0;
   8   1        uart_init();
   9   1        gsm_ready();
  10   1        delay();
  11   1        delay();
  12   1        delay();
  13   1        delay();
  14   1        delay();
  15   1        delay();
  16   1        delay();
  17   1        compare();
  18   1      }


MODULE INFORMATION:   STATIC OVERLAYABLE
   CODE SIZE        =     40    ----
   CONSTANT SIZE    =   ----    ----
   XDATA SIZE       =   ----    ----
   PDATA SIZE       =   ----    ----
   DATA SIZE        =   ----    ----
   IDATA SIZE       =   ----    ----
   BIT SIZE         =   ----    ----
END OF MODULE INFORMATION.


C51 COMPILATION COMPLETE.  0 WARNING(S),  0 ERROR(S)
