C51 COMPILER V9.59.0.0   MAIN                                                              10/18/2020 17:34:51 PAGE 1   


C51 COMPILER V9.59.0.0, COMPILATION OF MODULE MAIN
OBJECT MODULE PLACED IN .\Objects\main.obj
COMPILER INVOKED BY: C:\Keil_v5\C51\BIN\C51.EXE main.c OPTIMIZE(8,SPEED) BROWSE DEBUG OBJECTEXTEND PRINT(.\Listings\main
                    -.lst) TABS(2) OBJECT(.\Objects\main.obj)

line level    source

   1          #include"headerfiles.h"
*** ERROR C231 IN LINE 1 OF register_names.h: 'uart_reg': redefinition
*** ERROR C231 IN LINE 2 OF register_names.h: 'buffer': redefinition
*** ERROR C231 IN LINE 3 OF register_names.h: 'timer_reg': redefinition
*** ERROR C231 IN LINE 4 OF register_names.h: 'timer_data_reg': redefinition
*** ERROR C231 IN LINE 5 OF register_names.h: 'timer_on_off': redefinition
*** ERROR C231 IN LINE 6 OF register_names.h: 'transmit_interrupt_uart': redefinition
*** ERROR C231 IN LINE 7 OF register_names.h: 'receive_interrupt_uart': redefinition
*** ERROR C279 IN LINE 1 OF global_data.h: 'commands': multiple initialization
*** ERROR C279 IN LINE 2 OF global_data.h: 'ENTER': multiple initialization
*** ERROR C279 IN LINE 3 OF global_data.h: 'DATA_SEND': multiple initialization
*** ERROR C279 IN LINE 4 OF global_data.h: 'PARK_MODE': multiple initialization
   2          
   3          UINT8 main()
   4          {
   5   1        uart_init();
   6   1        gsm_ready();
   7   1        while(1);
   8   1      }
   9          
  10          extern void gsm_ready(void)
  11          {
  12   1      send(strlen(commands[0]));
  13   1      }
  14          
  15          void send(UINT8 string_length)
  16          {
  17   1        UINT8 i;
  18   1        for (i=0;i<string_length;i++)
  19   1        {
  20   2          buffer = commands[0][i];
  21   2          uart_transmit();
  22   2        }
  23   1        buffer = ENTER;
  24   1        uart_transmit();
  25   1      }
  26          void uart_transmit(void)
  27          {
  28   1        while(!transmit_interrupt_uart);
  29   1        transmit_interrupt_uart = 0;
  30   1      }
  31          
  32          void uart_init(void)
  33          {
  34   1        uart_reg = 0x50;
  35   1        timer_reg = 0x20;
  36   1        timer_data_reg = -3;
  37   1        timer_on_off = 1;
  38   1      }

C51 COMPILATION COMPLETE.  0 WARNING(S),  11 ERROR(S)
