C51 COMPILER V9.56.0.0   MAIN                                                              11/02/2020 17:17:16 PAGE 1   


C51 COMPILER V9.56.0.0, COMPILATION OF MODULE MAIN
OBJECT MODULE PLACED IN .\Objects\main.obj
COMPILER INVOKED BY: C:\Keil_v5\C51\BIN\C51.EXE main.c OPTIMIZE(8,SPEED) BROWSE DEBUG OBJECTEXTEND PRINT(.\Listings\main
                    -.lst) TABS(2) OBJECT(.\Objects\main.obj)

line level    source

   1          #include "common.h"
   2          UINT8* commands[]={"AT+CMGF=1\r","AT+CMGS=9915990657"};
   3          UINT8 ENTER = 0x0D;
   4          UINT8 DATA_SEND = 0x1A;
   5          UINT8 PARK_MODE = 0;
   6          UINT8 response[30];
   7          UINT8 OK_FLAG=FALSE;
   8          unsigned char x=0;
   9          void main()
  10          {
  11   1        init();
  12   1        while(1);
  13   1      }


MODULE INFORMATION:   STATIC OVERLAYABLE
   CODE SIZE        =      5    ----
   CONSTANT SIZE    =     30    ----
   XDATA SIZE       =   ----    ----
   PDATA SIZE       =   ----    ----
   DATA SIZE        =     41    ----
   IDATA SIZE       =   ----    ----
   BIT SIZE         =   ----    ----
END OF MODULE INFORMATION.


C51 COMPILATION COMPLETE.  0 WARNING(S),  0 ERROR(S)
